../Core/Src/INA219.c:24:10:Read16	40	static
../Core/Src/INA219.c:53:19:Write16	40	static
../Core/Src/INA219.c:66:10:INA219_ReadBusVoltage	24	static
../Core/Src/INA219.c:79:9:INA219_ReadCurrent_raw	24	static
../Core/Src/INA219.c:92:9:INA219_ReadCurrent	24	static
../Core/Src/INA219.c:106:10:INA219_ReadShuntVolage	24	static
../Core/Src/INA219.c:118:10:INA219_ReadPower	24	static
../Core/Src/INA219.c:133:7:INA219_GetBatteryLife	32	static
../Core/Src/INA219.c:152:5:INA219_GetDeltaTime_ms	16	static
../Core/Src/INA219.c:166:7:INA219_GetTotalPowerUsed	24	static
../Core/Src/INA219.c:178:7:INA219_GetMiliWattsDeltaTime	32	static
../Core/Src/INA219.c:192:7:INA219_GetAVGMiliWatt	24	static
../Core/Src/INA219.c:240:19:INA219_HealthCheck	24	static
../Core/Src/INA219.c:282:6:INA219_Reset	16	static
../Core/Src/INA219.c:288:6:INA219_setCalibration	16	static
../Core/Src/INA219.c:293:10:INA219_getConfig	24	static
../Core/Src/INA219.c:299:6:INA219_setConfig	16	static
../Core/Src/INA219.c:304:6:INA219_setCalibration_32V_2A	24	static
../Core/Src/INA219.c:319:6:INA219_setCalibration_32V_1A	24	static
../Core/Src/INA219.c:334:6:INA219_setCalibration_16V_400mA	24	static
../Core/Src/INA219.c:349:6:INA219_setPowerMode	24	static
../Core/Src/INA219.c:376:9:INA219_Init	32	static
