../Core/Src/MFRC522.c:16:6:Write_MFRC522	24	static
../Core/Src/MFRC522.c:49:9:Read_MFRC522	24	static
../Core/Src/MFRC522.c:87:6:SetBitMask	24	static
../Core/Src/MFRC522.c:100:6:ClearBitMask	24	static
../Core/Src/MFRC522.c:114:6:AntennaOn	8	static
../Core/Src/MFRC522.c:126:6:AntennaOff	8	static
../Core/Src/MFRC522.c:138:6:MFRC522_Reset	8	static
../Core/Src/MFRC522.c:149:6:MFRC522_Init	8	static
../Core/Src/MFRC522.c:182:9:MFRC522_Request	32	static
../Core/Src/MFRC522.c:210:9:MFRC522_ToCard	56	static
../Core/Src/MFRC522.c:334:9:MFRC522_Anticoll	32	static
../Core/Src/MFRC522.c:377:9:MFRC522_Read	32	static
../Core/Src/MFRC522.c:402:9:MFRC522_Write	48	static
../Core/Src/MFRC522.c:443:6:CalulateCRC	40	static
../Core/Src/MFRC522.c:484:9:MFRC522_Auth	48	static
../Core/Src/MFRC522.c:519:9:MFRC522_SelectTag	40	static
../Core/Src/MFRC522.c:557:6:MFRC522_Halt	24	static
../Core/Src/MFRC522.c:571:6:MFRC522_StopCrypto1	8	static
